#-----------------------------------------------------------
# Vivado v2019.1 (64-bit)
# SW Build 2552052 on Fri May 24 14:49:42 MDT 2019
# IP Build 2548770 on Fri May 24 18:01:18 MDT 2019
# Start of session at: Fri Sep 12 11:02:39 2025
# Process ID: 13368
# Current directory: C:/HamzaMateen/Architecture/_21_lab_RISC_V_Pipelining
# Command line: vivado.exe -gui_launcher_event rodinguilauncherevent15768 C:\HamzaMateen\Architecture\_21_lab_RISC_V_Pipelining\_18_lab.xpr
# Log file: C:/HamzaMateen/Architecture/_21_lab_RISC_V_Pipelining/vivado.log
# Journal file: C:/HamzaMateen/Architecture/_21_lab_RISC_V_Pipelining\vivado.jou
#-----------------------------------------------------------
start_guioopen_project C:/HamzaMateen/Architecture/_21_lab_RISC_V_Pipelining/_18_lab.xpruupdate_compile_order -fileset sources_1launch_simulation
launch_simulation
open_wave_config C:/HamzaMateen/Architecture/_21_lab_RISC_V_Pipelining/tb_register_file_behav.wcfg
source tb_processor.tcl
relaunch_sim
relaunch_sim
relaunch_sim
relaunch_sim
relaunch_sim
relaunch_sim
relaunch_sim
relaunch_sim
relaunch_sim
